error: missing `decode_from` attribute
 --> tests/should_fail/missing_container_attr.rs:6:8
  |
6 | struct MyProtocol {
  |        ^^^^^^^^^^
